// Jest Snapshot v1, https://goo.gl/fbAQLP

exports[`EventInfoList component should match the snapshot when rendered with props 1`] = `
<ul
  className="EventInfoList-list-container"
>
  <li
    className="EventInfo-tile tall"
  >
    <a
      href="/event-detail/1925896"
      onClick={[Function]}
    >
      <div
        className="link-overlay"
      />
    </a>
    <div
      className="info-container"
    >
      <div
        className="category-container"
      >
        <div
          className="category-text-container"
        >
          <span
            className="category-text"
          >
            football
          </span>
          <span
            className="separator"
          >
            &gt;
          </span>
          <span
            className="category-text"
          >
            Championship
          </span>
        </div>
        <div
          className="event-state"
        >
          <span
            className="state-text"
          >
            upcoming
          </span>
        </div>
      </div>
      <div
        className="info-title"
      >
        <div
          className="teams"
        >
          <div
            className="team"
          >
            <span
              className="team-name"
            >
              Millwall
            </span>
          </div>
          <div
            className="team"
          >
            <span
              className="team-name"
            >
              Bristol City
            </span>
          </div>
        </div>
      </div>
      <div
        className="event-date"
      >
        Start date: 
        30/04/2019 19:45
      </div>
    </div>
  </li>
  <li
    className="EventInfo-tile "
  >
    <a
      href="/event-detail/1934371"
      onClick={[Function]}
    >
      <div
        className="link-overlay"
      />
    </a>
    <div
      className="info-container"
    >
      <div
        className="category-container"
      >
        <div
          className="category-text-container"
        >
          <span
            className="category-text"
          >
            football
          </span>
          <span
            className="separator"
          >
            &gt;
          </span>
          <span
            className="category-text"
          >
            Championship
          </span>
        </div>
        <div
          className="event-state"
        >
          <span
            className="state-text"
          >
            upcoming
          </span>
        </div>
      </div>
      <div
        className="info-title"
      >
        <div
          className="teams"
        >
          <div
            className="team"
          >
            <span
              className="team-name"
            >
              Swansea City
            </span>
          </div>
          <div
            className="team"
          >
            <span
              className="team-name"
            >
              Derby County
            </span>
          </div>
        </div>
      </div>
      <div
        className="event-date"
      >
        Start date: 
        01/05/2019 19:45
      </div>
    </div>
  </li>
  <li
    className="EventInfo-tile "
  >
    <a
      href="/event-detail/1943310"
      onClick={[Function]}
    >
      <div
        className="link-overlay"
      />
    </a>
    <div
      className="info-container"
    >
      <div
        className="category-container"
      >
        <div
          className="category-text-container"
        >
          <span
            className="category-text"
          >
            football
          </span>
          <span
            className="separator"
          >
            &gt;
          </span>
          <span
            className="category-text"
          >
            Champions League
          </span>
        </div>
        <div
          className="event-state"
        >
          <span
            className="state-text"
          >
            upcoming
          </span>
        </div>
      </div>
      <div
        className="info-title"
      >
        <div
          className="teams"
        >
          <div
            className="team"
          >
            <span
              className="team-name"
            >
              Tottenham Hotspur
            </span>
          </div>
          <div
            className="team"
          >
            <span
              className="team-name"
            >
              Ajax
            </span>
          </div>
        </div>
      </div>
      <div
        className="event-date"
      >
        Start date: 
        30/04/2019 20:00
      </div>
    </div>
  </li>
  <li
    className="EventInfo-tile "
  >
    <a
      href="/event-detail/1943311"
      onClick={[Function]}
    >
      <div
        className="link-overlay"
      />
    </a>
    <div
      className="info-container"
    >
      <div
        className="category-container"
      >
        <div
          className="category-text-container"
        >
          <span
            className="category-text"
          >
            football
          </span>
          <span
            className="separator"
          >
            &gt;
          </span>
          <span
            className="category-text"
          >
            Champions League
          </span>
        </div>
        <div
          className="event-state"
        >
          <span
            className="state-text"
          >
            upcoming
          </span>
        </div>
      </div>
      <div
        className="info-title"
      >
        <div
          className="teams"
        >
          <div
            className="team"
          >
            <span
              className="team-name"
            >
              Barcelona
            </span>
          </div>
          <div
            className="team"
          >
            <span
              className="team-name"
            >
              Liverpool
            </span>
          </div>
        </div>
      </div>
      <div
        className="event-date"
      >
        Start date: 
        01/05/2019 20:00
      </div>
    </div>
  </li>
  <li
    className="EventInfo-tile "
  >
    <a
      href="/event-detail/1958062"
      onClick={[Function]}
    >
      <div
        className="link-overlay"
      />
    </a>
    <div
      className="info-container"
    >
      <div
        className="category-container"
      >
        <div
          className="category-text-container"
        >
          <span
            className="category-text"
          >
            football
          </span>
          <span
            className="separator"
          >
            &gt;
          </span>
          <span
            className="category-text"
          >
            Premier League
          </span>
        </div>
        <div
          className="event-state"
        >
          <span
            className="state-text"
          >
            upcoming
          </span>
        </div>
      </div>
      <div
        className="info-title"
      >
        <div
          className="teams"
        >
          <div
            className="team"
          >
            <span
              className="team-name"
            >
              Wolverhampton Wanderers
            </span>
          </div>
          <div
            className="team"
          >
            <span
              className="team-name"
            >
              Fulham
            </span>
          </div>
        </div>
      </div>
      <div
        className="event-date"
      >
        Start date: 
        04/05/2019 15:00
      </div>
    </div>
  </li>
</ul>
`;
